// Jest Snapshot v1, https://goo.gl/fbAQLP

exports[`Header should match the LoginForm Snapshot 1`] = `ShallowWrapper {}`;
