// Jest Snapshot v1, https://goo.gl/fbAQLP

exports[`MovieInfo should match the MovieInfo Snapshot 1`] = `ShallowWrapper {}`;
