// Jest Snapshot v1, https://goo.gl/fbAQLP

exports[`LoginForm should match the LoginForm Snapshot 1`] = `ShallowWrapper {}`;
