// Jest Snapshot v1, https://goo.gl/fbAQLP

exports[`Favorites should match the Favorites Snapshot 1`] = `ShallowWrapper {}`;
