// Jest Snapshot v1, https://goo.gl/fbAQLP

exports[`Movie Card should match the snapshot with all of the data passed through 1`] = `undefined`;
